// Jest Snapshot v1, https://goo.gl/fbAQLP

exports[`should render EditExpensePage correctly 1`] = `
<div>
  <h1>
    Editing Expense
  </h1>
  <ExpenseForm
    expense={
      Object {
        "amount": 5500,
        "createdAt": 345600000,
        "description": "Gum",
        "id": "3",
        "note": "",
      }
    }
    onSubmit={[Function]}
  />
  <button
    onClick={[Function]}
  >
    Remove Expense
  </button>
</div>
`;
