// Jest Snapshot v1, https://goo.gl/fbAQLP

exports[`should render ExpenseListItem correctly 1`] = `
<Link
  replace={false}
  to="/edit/1"
>
  <div>
    <h3>
      Rent
    </h3>
    <span>
      January 1st, 1970
    </span>
    <h3>
      $109.47
    </h3>
  </div>
</Link>
`;
